run_dir: C:\Users\user\projects\quiet-acquisition\simulations\2026-08-30_1333_114_field_v9b_promises_that_execute_chat
2026-08-30 13:33:50,292 WARNING Direct use of automatic function calling (AFC) in Models.generate_content is not recommended. Instead, we recommend to use AFC in Chat.send_message. Similarly, direct use of AFC in Models.generate_content_stream is not recommended. Instead, we recommend to use AFC in Chat.send_message_stream.
2026-08-30 13:33:50,292 WARNING Direct use of automatic function calling (AFC) in Models.generate_content is not recommended. Instead, we recommend to use AFC in Chat.send_message. Similarly, direct use of AFC in Models.generate_content_stream is not recommended. Instead, we recommend to use AFC in Chat.send_message_stream.
[v9] m01/36 提示23 出品5 売却0 土地0/建物0/両方0 退場0 $0.0165
[v9b] m01/36 届かなかった提示 7（累計 7）
[v9] m02/36 提示25 出品7 売却0 土地0/建物0/両方0 退場0 $0.0329
[v9b] m02/36 届かなかった提示 2（累計 9）
[v9] m03/36 提示26 出品5 売却1 土地1/建物1/両方1 退場0 $0.0492
[v9b] m03/36 届かなかった提示 5（累計 14）
[v9] m04/36 提示30 出品4 売却0 土地1/建物1/両方1 退場0 $0.0661
[v9b] m04/36 届かなかった提示 1（累計 15）
[v9] m05/36 提示19 出品4 売却0 土地1/建物1/両方1 退場0 $0.0826
[v9b] m05/36 届かなかった提示 1（累計 16）
[v9] m06/36 提示24 出品5 売却0 土地1/建物1/両方1 退場0 $0.0994
[v9b] m06/36 届かなかった提示 1（累計 17）
[v9] m07/36 提示25 出品5 売却0 土地1/建物1/両方1 退場0 $0.1155
[v9b] m07/36 届かなかった提示 1（累計 18）
[v9] m08/36 提示25 出品6 売却0 土地1/建物1/両方1 退場0 $0.1321
[v9b] m08/36 届かなかった提示 1（累計 19）
[v9] m09/36 提示24 出品7 売却1 土地2/建物1/両方1 退場0 $0.1484
[v9b] m09/36 届かなかった提示 2（累計 21）
[v9] m10/36 提示25 出品7 売却1 土地3/建物2/両方2 退場1 $0.1651
[v9b] m10/36 届かなかった提示 1（累計 22）
[v9] m11/36 提示24 出品7 売却0 土地3/建物2/両方2 退場1 $0.1817
[v9b] m11/36 届かなかった提示 0（累計 22）
[v9] m12/36 提示24 出品6 売却0 土地3/建物2/両方2 退場1 $0.1979
[v9b] m12/36 届かなかった提示 1（累計 23）
[v9] m13/36 提示32 出品9 売却0 土地3/建物2/両方2 退場1 $0.2141
[v9b] m13/36 届かなかった提示 3（累計 26）
[v9] m14/36 提示24 出品7 売却0 土地3/建物2/両方2 退場1 $0.2296
[v9b] m14/36 届かなかった提示 1（累計 27）
[v9] m15/36 提示24 出品6 売却0 土地3/建物2/両方2 退場1 $0.2449
[v9b] m15/36 届かなかった提示 1（累計 28）
[v9] m16/36 提示24 出品6 売却0 土地3/建物2/両方2 退場1 $0.2599
[v9b] m16/36 届かなかった提示 2（累計 30）
[v9] m17/36 提示24 出品6 売却0 土地3/建物2/両方2 退場1 $0.2749
[v9b] m17/36 届かなかった提示 1（累計 31）
[v9] m18/36 提示16 出品6 売却0 土地3/建物2/両方2 退場1 $0.2892
[v9b] m18/36 届かなかった提示 0（累計 31）
[v9] m19/36 提示28 出品6 売却0 土地3/建物2/両方2 退場1 $0.3047
[v9b] m19/36 届かなかった提示 2（累計 33）
[v9] m20/36 提示29 出品8 売却0 土地3/建物2/両方2 退場1 $0.3208
[v9b] m20/36 届かなかった提示 2（累計 35）
[v9] m21/36 提示24 出品7 売却0 土地3/建物2/両方2 退場1 $0.3359
[v9b] m21/36 届かなかった提示 1（累計 36）
[v9] m22/36 提示16 出品7 売却0 土地3/建物2/両方2 退場1 $0.3506
[v9b] m22/36 届かなかった提示 0（累計 36）
[v9] m23/36 提示15 出品7 売却0 土地3/建物2/両方2 退場1 $0.3649
[v9b] m23/36 届かなかった提示 0（累計 36）
[v9] m24/36 提示16 出品6 売却0 土地3/建物2/両方2 退場1 $0.3794
[v9b] m24/36 届かなかった提示 0（累計 36）
[v9] m25/36 提示14 出品6 売却0 土地3/建物2/両方2 退場1 $0.3937
[v9b] m25/36 届かなかった提示 2（累計 38）
[v9] m26/36 提示20 出品6 売却0 土地3/建物2/両方2 退場1 $0.4086
[v9b] m26/36 届かなかった提示 1（累計 39）
[v9] m27/36 提示32 出品5 売却0 土地3/建物2/両方2 退場1 $0.4241
[v9b] m27/36 届かなかった提示 2（累計 41）
[v9] m28/36 提示15 出品5 売却0 土地3/建物2/両方2 退場1 $0.4390
[v9b] m28/36 届かなかった提示 0（累計 41）
[v9] m29/36 提示15 出品6 売却0 土地3/建物2/両方2 退場1 $0.4541
[v9b] m29/36 届かなかった提示 0（累計 41）
[v9] m30/36 提示15 出品6 売却0 土地3/建物2/両方2 退場1 $0.4690
[v9b] m30/36 届かなかった提示 0（累計 41）
[v9] m31/36 提示20 出品7 売却0 土地3/建物2/両方2 退場1 $0.4840
[v9b] m31/36 届かなかった提示 2（累計 43）
[v9] m32/36 提示24 出品7 売却0 土地3/建物2/両方2 退場1 $0.4983
[v9b] m32/36 届かなかった提示 1（累計 44）
[v9] m33/36 提示31 出品7 売却1 土地4/建物2/両方2 退場1 $0.5130
[v9b] m33/36 届かなかった提示 1（累計 45）
[v9] m34/36 提示16 出品7 売却0 土地4/建物2/両方2 退場1 $0.5267
[v9b] m34/36 届かなかった提示 1（累計 46）
[v9] m35/36 提示17 出品6 売却0 土地4/建物2/両方2 退場1 $0.5407
[v9b] m35/36 届かなかった提示 2（累計 48）
[v9] m36/36 提示24 出品7 売却1 土地5/建物3/両方3 退場1 $0.5552
[v9b] m36/36 届かなかった提示 1（累計 49）
{
  "run_name": "field_v9b_promises_that_execute_chat",
  "scenario_version": "field_v9b",
  "chat": true,
  "scene_rounds": 1,
  "seed": 85,
  "steps": 36,
  "months_run": 36,
  "stopped_by_cost": false,
  "partial_month": null,
  "max_cost_usd": 1.87,
  "agents": 49,
  "residents_at_start": 35,
  "absentee_owners_at_start": 14,
  "parcels_total": 44,
  "sellable_parcels": 41,
  "buildings_total": 35,
  "land_only_parcels": 9,
  "acquired_parcels": 5,
  "acquired_land": 5,
  "acquired_buildings": 3,
  "acquired_both": 3,
  "transfers_total": 5,
  "sold_agents": 4,
  "left_agents": 1,
  "in_town_end": 34,
  "absentee_owners_end": 13,
  "no_user_parcels_end": 4,
  "offers_total": 809,
  "offers_accepted": 5,
  "offers_declined": 804,
  "offers_no_answer": 0,
  "offers_to_in_town": 376,
  "offers_to_absentee": 433,
  "sold_from_in_town": 3,
  "sold_from_absentee": 2,
  "accept_rate_in_town": 0.008,
  "accept_rate_absentee": 0.0046,
  "offers_by_kind": {
    "土地": 302,
    "建物": 55,
    "両方": 452
  },
  "sold_by_kind": {
    "土地": 2,
    "建物": 0,
    "両方": 3
  },
  "listings_total": 224,
  "listings_by_kind": {
    "土地": 128,
    "建物": 30,
    "両方": 66
  },
  "listing_choice_counts": {
    "出さない": 1415,
    "土地だけ": 128,
    "建物だけ": 30,
    "両方": 66,
    "no_answer": 0
  },
  "notices_total": 2,
  "utterances_total": 281,
  "no_answer": 0,
  "plan_no_answer": 0,
  "sell_no_answer": 0,
  "invalid_listing": 0,
  "listing_missing": 0,
  "invalid_sell": 0,
  "invalid_venue": 0,
  "truncated": 0,
  "parse_fail": 0,
  "acquirer_missing_targets": 0,
  "acquirer_dup_rows": 18,
  "acquirer_off_range": 0,
  "acquirer_chunk_fail": 0,
  "acquirer_empty_text": 0,
  "acquirer_invalid_offer": 45,
  "acquirer_missing_parcel": 0,
  "declines_delivered": 795,
  "reason_counts": {
    "listing_total": 1639,
    "listing_blank": 1002,
    "sell_total": 809,
    "sell_blank": 9,
    "acquirer_total": 1291,
    "acquirer_blank": 0
  },
  "common_prefix_tokens": 1935,
  "cached_ratio": 0.6159975909696882,
  "checkpoints_written": 36,
  "request_timeout_sec": 60.0,
  "timeout_retries": 0,
  "timeout_giveups": 0,
  "elapsed_sec": 903.2,
  "cost_usd": 0.5552,
  "reason_written_listing": 637,
  "reason_rate_listing": 0.3887,
  "reason_written_sell": 800,
  "reason_rate_sell": 0.9889,
  "reason_written_acquirer": 1291,
  "reason_rate_acquirer": 1.0,
  "acquirer_undeliverable_promise": 4,
  "undelivered_total": 49,
  "undelivered_by_reason": {
    "相手がその区画のその種別の所有権を持っていない": 45,
    "この世界で実行される仕組みが無い約束が含まれている": 4
  }
}
run_dir: C:\Users\user\projects\quiet-acquisition\simulations\2026-08-30_1333_114_field_v9b_promises_that_execute_chat
