run_dir: C:\Users\user\projects\quiet-acquisition\simulations\2026-08-30_1422_120_field_v9c_tenants_can_leave_chat
2026-08-30 14:22:05,980 WARNING Direct use of automatic function calling (AFC) in Models.generate_content is not recommended. Instead, we recommend to use AFC in Chat.send_message. Similarly, direct use of AFC in Models.generate_content_stream is not recommended. Instead, we recommend to use AFC in Chat.send_message_stream.
[v9] m01/36 提示31 出品3 売却0 土地0/建物0/両方0 退場0 $0.0230
[v9b] m01/36 届かなかった提示 6（累計 6）
[v9] m02/36 提示31 出品3 売却0 土地0/建物0/両方0 退場0 $0.0453
[v9b] m02/36 届かなかった提示 1（累計 7）
[v9] m03/36 提示31 出品2 売却0 土地0/建物0/両方0 退場0 $0.0668
[v9b] m03/36 届かなかった提示 1（累計 8）
[v9] m04/36 提示26 出品2 売却0 土地0/建物0/両方0 退場0 $0.0879
[v9b] m04/36 届かなかった提示 2（累計 10）
[v9] m05/36 提示31 出品2 売却0 土地0/建物0/両方0 退場0 $0.1090
[v9b] m05/36 届かなかった提示 0（累計 10）
[v9] m06/36 提示32 出品2 売却0 土地0/建物0/両方0 退場0 $0.1304
[v9b] m06/36 届かなかった提示 1（累計 11）
[v9] m07/36 提示18 出品2 売却0 土地0/建物0/両方0 退場0 $0.1504
[v9b] m07/36 届かなかった提示 0（累計 11）
[v9] m08/36 提示26 出品2 売却0 土地0/建物0/両方0 退場0 $0.1708
[v9b] m08/36 届かなかった提示 5（累計 16）
[v9] m09/36 提示33 出品3 売却0 土地0/建物0/両方0 退場0 $0.1912
[v9b] m09/36 届かなかった提示 4（累計 20）
[v9] m10/36 提示33 出品3 売却0 土地0/建物0/両方0 退場0 $0.2123
[v9b] m10/36 届かなかった提示 4（累計 24）
[v9] m11/36 提示32 出品5 売却0 土地0/建物0/両方0 退場0 $0.2325
[v9b] m11/36 届かなかった提示 1（累計 25）
[v9] m12/36 提示36 出品5 売却0 土地0/建物0/両方0 退場0 $0.2532
[v9b] m12/36 届かなかった提示 1（累計 26）
[v9] m13/36 提示35 出品5 売却0 土地0/建物0/両方0 退場0 $0.2738
[v9b] m13/36 届かなかった提示 0（累計 26）
[v9] m14/36 提示25 出品5 売却0 土地0/建物0/両方0 退場0 $0.2939
[v9b] m14/36 届かなかった提示 1（累計 27）
[v9] m15/36 提示27 出品4 売却0 土地0/建物0/両方0 退場0 $0.3135
[v9b] m15/36 届かなかった提示 1（累計 28）
[v9] m16/36 提示23 出品5 売却0 土地0/建物0/両方0 退場0 $0.3333
[v9b] m16/36 届かなかった提示 6（累計 34）
[v9] m17/36 提示25 出品4 売却0 土地0/建物0/両方0 退場0 $0.3527
[v9b] m17/36 届かなかった提示 1（累計 35）
[v9] m18/36 提示23 出品3 売却1 土地0/建物1/両方0 退場0 $0.3724
[v9b] m18/36 届かなかった提示 1（累計 36）
[v9] m19/36 提示13 出品2 売却0 土地0/建物1/両方0 退場0 $0.3917
[v9b] m19/36 届かなかった提示 3（累計 39）
[v9] m20/36 提示29 出品2 売却0 土地0/建物1/両方0 退場0 $0.4115
[v9b] m20/36 届かなかった提示 6（累計 45）
[v9] m21/36 提示21 出品1 売却0 土地0/建物1/両方0 退場0 $0.4315
[v9b] m21/36 届かなかった提示 0（累計 45）
[v9] m22/36 提示26 出品0 売却0 土地0/建物1/両方0 退場0 $0.4531
[v9b] m22/36 届かなかった提示 0（累計 45）
[v9] m23/36 提示35 出品0 売却0 土地0/建物1/両方0 退場0 $0.4744
[v9b] m23/36 届かなかった提示 0（累計 45）
[v9] m24/36 提示26 出品0 売却0 土地0/建物1/両方0 退場0 $0.4949
[v9b] m24/36 届かなかった提示 0（累計 45）
[v9] m25/36 提示35 出品1 売却0 土地0/建物1/両方0 退場0 $0.5156
[v9b] m25/36 届かなかった提示 0（累計 45）
[v9] m26/36 提示16 出品1 売却0 土地0/建物1/両方0 退場1 $0.5354
[v9b] m26/36 届かなかった提示 0（累計 45）
[v9] m27/36 提示34 出品1 売却0 土地0/建物1/両方0 退場1 $0.5586
[v9b] m27/36 届かなかった提示 1（累計 46）
[v9] m28/36 提示17 出品1 売却0 土地0/建物1/両方0 退場1 $0.5784
[v9b] m28/36 届かなかった提示 0（累計 46）
[v9] m29/36 提示34 出品1 売却0 土地0/建物1/両方0 退場1 $0.5988
[v9b] m29/36 届かなかった提示 1（累計 47）
[v9] m30/36 提示24 出品2 売却1 土地1/建物2/両方1 退場2 $0.6189
[v9b] m30/36 届かなかった提示 2（累計 49）
[v9] m31/36 提示33 出品4 売却1 土地1/建物3/両方1 退場2 $0.6403
[v9b] m31/36 届かなかった提示 1（累計 50）
[v9] m32/36 提示21 出品1 売却0 土地1/建物3/両方1 退場2 $0.6614
[v9b] m32/36 届かなかった提示 1（累計 51）
[v9] m33/36 提示14 出品0 売却0 土地1/建物3/両方1 退場2 $0.6808
[v9b] m33/36 届かなかった提示 1（累計 52）
[v9] m34/36 提示14 出品0 売却0 土地1/建物3/両方1 退場2 $0.7003
[v9b] m34/36 届かなかった提示 1（累計 53）
[v9] m35/36 提示19 出品0 売却0 土地1/建物3/両方1 退場3 $0.7192
[v9b] m35/36 届かなかった提示 0（累計 53）
[v9] m36/36 提示31 出品0 売却0 土地1/建物3/両方1 退場3 $0.7390
[v9b] m36/36 届かなかった提示 1（累計 54）
{
  "run_name": "field_v9c_tenants_can_leave_chat",
  "scenario_version": "field_v9c",
  "chat": true,
  "scene_rounds": 1,
  "seed": 85,
  "steps": 36,
  "months_run": 36,
  "stopped_by_cost": false,
  "partial_month": null,
  "max_cost_usd": 1.87,
  "agents": 49,
  "residents_at_start": 35,
  "absentee_owners_at_start": 14,
  "parcels_total": 44,
  "sellable_parcels": 41,
  "buildings_total": 35,
  "land_only_parcels": 9,
  "acquired_parcels": 3,
  "acquired_land": 1,
  "acquired_buildings": 3,
  "acquired_both": 1,
  "transfers_total": 3,
  "sold_agents": 3,
  "left_agents": 3,
  "in_town_end": 32,
  "absentee_owners_end": 15,
  "no_user_parcels_end": 5,
  "offers_total": 960,
  "offers_accepted": 3,
  "offers_declined": 956,
  "offers_no_answer": 1,
  "offers_to_in_town": 567,
  "offers_to_absentee": 393,
  "sold_from_in_town": 3,
  "sold_from_absentee": 0,
  "accept_rate_in_town": 0.0053,
  "accept_rate_absentee": 0.0,
  "offers_by_kind": {
    "土地": 278,
    "建物": 141,
    "両方": 541
  },
  "sold_by_kind": {
    "土地": 0,
    "建物": 2,
    "両方": 1
  },
  "listings_total": 77,
  "listings_by_kind": {
    "土地": 2,
    "建物": 54,
    "両方": 21
  },
  "listing_choice_counts": {
    "出さない": 1620,
    "土地だけ": 2,
    "建物だけ": 54,
    "両方": 21,
    "no_answer": 2
  },
  "notices_total": 0,
  "utterances_total": 399,
  "no_answer": 2,
  "plan_no_answer": 0,
  "sell_no_answer": 1,
  "invalid_listing": 0,
  "listing_missing": 2,
  "invalid_sell": 1,
  "invalid_venue": 0,
  "truncated": 1,
  "parse_fail": 0,
  "acquirer_missing_targets": 0,
  "acquirer_dup_rows": 9,
  "acquirer_off_range": 0,
  "acquirer_chunk_fail": 0,
  "acquirer_empty_text": 0,
  "acquirer_invalid_offer": 54,
  "acquirer_missing_parcel": 0,
  "declines_delivered": 953,
  "reason_counts": {
    "listing_total": 1699,
    "listing_blank": 685,
    "sell_total": 960,
    "sell_blank": 4,
    "acquirer_total": 1318,
    "acquirer_blank": 0
  },
  "common_prefix_tokens": 2091,
  "cached_ratio": 0.5776652378706014,
  "checkpoints_written": 36,
  "request_timeout_sec": 60.0,
  "timeout_retries": 0,
  "timeout_giveups": 0,
  "elapsed_sec": 1070.8,
  "cost_usd": 0.739,
  "reason_written_listing": 1014,
  "reason_rate_listing": 0.5968,
  "reason_written_sell": 956,
  "reason_rate_sell": 0.9958,
  "reason_written_acquirer": 1318,
  "reason_rate_acquirer": 1.0,
  "acquirer_undeliverable_promise": 0,
  "undelivered_total": 54,
  "undelivered_by_reason": {
    "相手がその区画のその種別の所有権を持っていない": 54,
    "この世界で実行される仕組みが無い約束が含まれている": 0
  },
  "tenant_calls_total": 372,
  "tenant_left_total": 2,
  "tenant_no_answer": 0,
  "invalid_leave": 0,
  "tenant_leave_counts": {
    "出る": 2,
    "出ない": 370,
    "no_answer": 0
  },
  "messages_total": 554,
  "messages_tenant_to_landlord": 283,
  "messages_landlord_to_tenant": 271,
  "vacancy_notices_total": 2,
  "vacancy_notices_to_acquirer": 1,
  "undelivered_lines": 1,
  "vacated_parcels_end": [
    "湯坂奥の空き家",
    "駅前通りの家"
  ]
}
run_dir: C:\Users\user\projects\quiet-acquisition\simulations\2026-08-30_1422_120_field_v9c_tenants_can_leave_chat
