run_dir: C:\Users\user\projects\quiet-acquisition\simulations\2026-08-30_1504_121_field_v9c_tenants_can_leave_chat_run2
2026-08-30 15:04:50,140 WARNING Direct use of automatic function calling (AFC) in Models.generate_content is not recommended. Instead, we recommend to use AFC in Chat.send_message. Similarly, direct use of AFC in Models.generate_content_stream is not recommended. Instead, we recommend to use AFC in Chat.send_message_stream.
2026-08-30 15:04:50,140 WARNING Direct use of automatic function calling (AFC) in Models.generate_content is not recommended. Instead, we recommend to use AFC in Chat.send_message. Similarly, direct use of AFC in Models.generate_content_stream is not recommended. Instead, we recommend to use AFC in Chat.send_message_stream.
[v9] m01/36 提示24 出品4 売却1 土地1/建物1/両方1 退場0 $0.0244
[v9b] m01/36 届かなかった提示 13（累計 13）
[v9] m02/36 提示30 出品3 売却0 土地1/建物1/両方1 退場0 $0.0482
[v9b] m02/36 届かなかった提示 2（累計 15）
[v9] m03/36 提示30 出品1 売却0 土地1/建物1/両方1 退場0 $0.0705
[v9b] m03/36 届かなかった提示 7（累計 22）
[v9] m04/36 提示19 出品5 売却0 土地1/建物1/両方1 退場0 $0.0916
[v9b] m04/36 届かなかった提示 1（累計 23）
[v9] m05/36 提示24 出品3 売却1 土地2/建物2/両方2 退場1 $0.1128
[v9b] m05/36 届かなかった提示 1（累計 24）
[v9] m06/36 提示16 出品3 売却0 土地2/建物2/両方2 退場1 $0.1362
[v9b] m06/36 届かなかった提示 1（累計 25）
[v9] m07/36 提示29 出品3 売却2 土地4/建物3/両方3 退場2 $0.1567
[v9b] m07/36 届かなかった提示 1（累計 26）
[v9] m08/36 提示22 出品2 売却0 土地4/建物3/両方3 退場2 $0.1769
[v9b] m08/36 届かなかった提示 0（累計 26）
[v9] m09/36 提示29 出品1 売却0 土地4/建物3/両方3 退場2 $0.1976
[v9b] m09/36 届かなかった提示 0（累計 26）
[v9] m10/36 提示28 出品1 売却0 土地4/建物3/両方3 退場2 $0.2167
[v9b] m10/36 届かなかった提示 0（累計 26）
[v9] m11/36 提示29 出品1 売却0 土地4/建物3/両方3 退場2 $0.2369
[v9b] m11/36 届かなかった提示 0（累計 26）
[v9] m12/36 提示29 出品1 売却0 土地4/建物3/両方3 退場2 $0.2562
[v9b] m12/36 届かなかった提示 0（累計 26）
[v9] m13/36 提示28 出品1 売却0 土地4/建物3/両方3 退場2 $0.2772
[v9b] m13/36 届かなかった提示 6（累計 32）
[v9] m14/36 提示19 出品1 売却0 土地4/建物3/両方3 退場2 $0.2974
[v9b] m14/36 届かなかった提示 1（累計 33）
[v9] m15/36 提示29 出品2 売却1 土地5/建物3/両方3 退場2 $0.3194
[v9b] m15/36 届かなかった提示 0（累計 33）
[v9] m16/36 提示5 出品1 売却0 土地5/建物3/両方3 退場2 $0.3387
[v9b] m16/36 届かなかった提示 0（累計 33）
[v9] m17/36 提示20 出品2 売却0 土地5/建物3/両方3 退場2 $0.3583
[v9b] m17/36 届かなかった提示 5（累計 38）
[v9] m18/36 提示28 出品1 売却0 土地5/建物3/両方3 退場2 $0.3791
[v9b] m18/36 届かなかった提示 0（累計 38）
[v9] m19/36 提示19 出品1 売却0 土地5/建物3/両方3 退場2 $0.3985
[v9b] m19/36 届かなかった提示 5（累計 43）
[v9] m20/36 提示28 出品2 売却0 土地5/建物3/両方3 退場2 $0.4177
[v9b] m20/36 届かなかった提示 4（累計 47）
[v9] m21/36 提示4 出品2 売却0 土地5/建物3/両方3 退場2 $0.4353
[v9b] m21/36 届かなかった提示 0（累計 47）
[v9] m22/36 提示19 出品1 売却0 土地5/建物3/両方3 退場2 $0.4539
[v9b] m22/36 届かなかった提示 0（累計 47）
[v9] m23/36 提示28 出品1 売却0 土地5/建物3/両方3 退場2 $0.4732
[v9b] m23/36 届かなかった提示 0（累計 47）
[v9] m24/36 提示29 出品1 売却0 土地5/建物3/両方3 退場2 $0.4925
[v9b] m24/36 届かなかった提示 4（累計 51）
[v9] m25/36 提示18 出品1 売却0 土地5/建物3/両方3 退場2 $0.5111
[v9b] m25/36 届かなかった提示 0（累計 51）
[v9] m26/36 提示10 出品1 売却0 土地5/建物3/両方3 退場2 $0.5292
[v9b] m26/36 届かなかった提示 0（累計 51）
[v9] m27/36 提示25 出品1 売却0 土地5/建物3/両方3 退場2 $0.5488
[v9b] m27/36 届かなかった提示 0（累計 51）
[v9] m28/36 提示26 出品1 売却0 土地5/建物3/両方3 退場2 $0.5679
[v9b] m28/36 届かなかった提示 3（累計 54）
[v9] m29/36 提示26 出品1 売却0 土地5/建物3/両方3 退場2 $0.5871
[v9b] m29/36 届かなかった提示 0（累計 54）
[v9] m30/36 提示19 出品2 売却1 土地6/建物3/両方3 退場2 $0.6057
[v9b] m30/36 届かなかった提示 0（累計 54）
[v9] m31/36 提示19 出品1 売却0 土地6/建物3/両方3 退場2 $0.6245
[v9b] m31/36 届かなかった提示 3（累計 57）
[v9] m32/36 提示10 出品2 売却0 土地6/建物3/両方3 退場2 $0.6425
[v9b] m32/36 届かなかった提示 0（累計 57）
[v9] m33/36 提示26 出品3 売却0 土地6/建物3/両方3 退場2 $0.6612
[v9b] m33/36 届かなかった提示 0（累計 57）
[v9] m34/36 提示23 出品3 売却0 土地6/建物3/両方3 退場2 $0.6794
[v9b] m34/36 届かなかった提示 0（累計 57）
[v9] m35/36 提示12 出品3 売却0 土地6/建物3/両方3 退場2 $0.6970
[v9b] m35/36 届かなかった提示 4（累計 61）
[v9] m36/36 提示6 出品2 売却0 土地6/建物3/両方3 退場3 $0.7141
[v9b] m36/36 届かなかった提示 4（累計 65）
{
  "run_name": "field_v9c_tenants_can_leave_chat_run2",
  "scenario_version": "field_v9c",
  "chat": true,
  "scene_rounds": 1,
  "seed": 85,
  "steps": 36,
  "months_run": 36,
  "stopped_by_cost": false,
  "partial_month": null,
  "max_cost_usd": 1.87,
  "agents": 49,
  "residents_at_start": 35,
  "absentee_owners_at_start": 14,
  "parcels_total": 44,
  "sellable_parcels": 41,
  "buildings_total": 35,
  "land_only_parcels": 9,
  "acquired_parcels": 6,
  "acquired_land": 6,
  "acquired_buildings": 3,
  "acquired_both": 3,
  "transfers_total": 6,
  "sold_agents": 6,
  "left_agents": 3,
  "in_town_end": 32,
  "absentee_owners_end": 12,
  "no_user_parcels_end": 6,
  "offers_total": 785,
  "offers_accepted": 6,
  "offers_declined": 779,
  "offers_no_answer": 0,
  "offers_to_in_town": 472,
  "offers_to_absentee": 313,
  "sold_from_in_town": 3,
  "sold_from_absentee": 3,
  "accept_rate_in_town": 0.0064,
  "accept_rate_absentee": 0.0096,
  "offers_by_kind": {
    "土地": 216,
    "建物": 61,
    "両方": 508
  },
  "sold_by_kind": {
    "土地": 3,
    "建物": 0,
    "両方": 3
  },
  "listings_total": 65,
  "listings_by_kind": {
    "土地": 46,
    "建物": 5,
    "両方": 14
  },
  "listing_choice_counts": {
    "出さない": 1512,
    "土地だけ": 46,
    "建物だけ": 5,
    "両方": 14,
    "no_answer": 0
  },
  "notices_total": 4,
  "utterances_total": 366,
  "no_answer": 0,
  "plan_no_answer": 1,
  "sell_no_answer": 0,
  "invalid_listing": 0,
  "listing_missing": 0,
  "invalid_sell": 0,
  "invalid_venue": 1,
  "truncated": 2,
  "parse_fail": 0,
  "acquirer_missing_targets": 0,
  "acquirer_dup_rows": 5,
  "acquirer_off_range": 0,
  "acquirer_chunk_fail": 0,
  "acquirer_empty_text": 0,
  "acquirer_invalid_offer": 64,
  "acquirer_missing_parcel": 0,
  "declines_delivered": 762,
  "reason_counts": {
    "listing_total": 1577,
    "listing_blank": 637,
    "sell_total": 785,
    "sell_blank": 17,
    "acquirer_total": 1250,
    "acquirer_blank": 1
  },
  "common_prefix_tokens": 2091,
  "cached_ratio": 0.5702405761059863,
  "checkpoints_written": 36,
  "request_timeout_sec": 60.0,
  "timeout_retries": 0,
  "timeout_giveups": 0,
  "elapsed_sec": 1044.7,
  "cost_usd": 0.7141,
  "reason_written_listing": 940,
  "reason_rate_listing": 0.5961,
  "reason_written_sell": 768,
  "reason_rate_sell": 0.9783,
  "reason_written_acquirer": 1249,
  "reason_rate_acquirer": 0.9992,
  "acquirer_undeliverable_promise": 1,
  "undelivered_total": 65,
  "undelivered_by_reason": {
    "相手がその区画のその種別の所有権を持っていない": 64,
    "この世界で実行される仕組みが無い約束が含まれている": 1
  },
  "tenant_calls_total": 360,
  "tenant_left_total": 1,
  "tenant_no_answer": 0,
  "invalid_leave": 0,
  "tenant_leave_counts": {
    "出る": 1,
    "出ない": 359,
    "no_answer": 0
  },
  "messages_total": 557,
  "messages_tenant_to_landlord": 287,
  "messages_landlord_to_tenant": 270,
  "vacancy_notices_total": 0,
  "vacancy_notices_to_acquirer": 0,
  "undelivered_lines": 0,
  "vacated_parcels_end": [
    "商店街裏の時間貸し駐車場",
    "駅裏北の月極駐車場"
  ]
}
run_dir: C:\Users\user\projects\quiet-acquisition\simulations\2026-08-30_1504_121_field_v9c_tenants_can_leave_chat_run2
