run_dir: C:\Users\user\projects\quiet-acquisition\simulations\2026-08-30_1548_125_field_v9d_money_as_a_measure_chat
2026-08-30 15:48:57,097 WARNING Direct use of automatic function calling (AFC) in Models.generate_content is not recommended. Instead, we recommend to use AFC in Chat.send_message. Similarly, direct use of AFC in Models.generate_content_stream is not recommended. Instead, we recommend to use AFC in Chat.send_message_stream.
2026-08-30 15:48:57,098 WARNING Direct use of automatic function calling (AFC) in Models.generate_content is not recommended. Instead, we recommend to use AFC in Chat.send_message. Similarly, direct use of AFC in Models.generate_content_stream is not recommended. Instead, we recommend to use AFC in Chat.send_message_stream.
2026-08-30 15:48:57,098 WARNING Direct use of automatic function calling (AFC) in Models.generate_content is not recommended. Instead, we recommend to use AFC in Chat.send_message. Similarly, direct use of AFC in Models.generate_content_stream is not recommended. Instead, we recommend to use AFC in Chat.send_message_stream.
[v9] m01/36 提示30 出品8 売却3 土地3/建物2/両方2 退場1 $0.0266
[v9b] m01/36 届かなかった提示 8（累計 8）
[v9] m02/36 提示27 出品6 売却1 土地4/建物2/両方2 退場1 $0.0522
[v9b] m02/36 届かなかった提示 1（累計 9）
[v9] m03/36 提示26 出品3 売却0 土地4/建物2/両方2 退場1 $0.0764
[v9b] m03/36 届かなかった提示 1（累計 10）
[v9] m04/36 提示26 出品4 売却0 土地4/建物2/両方2 退場1 $0.0982
[v9b] m04/36 届かなかった提示 2（累計 12）
[v9] m05/36 提示18 出品3 売却0 土地4/建物2/両方2 退場1 $0.1191
[v9b] m05/36 届かなかった提示 0（累計 12）
[v9] m06/36 提示27 出品4 売却1 土地5/建物3/両方3 退場1 $0.1398
[v9b] m06/36 届かなかった提示 1（累計 13）
[v9] m07/36 提示27 出品4 売却1 土地6/建物4/両方4 退場2 $0.1610
[v9b] m07/36 届かなかった提示 0（累計 13）
[v9] m08/36 提示22 出品3 売却0 土地6/建物4/両方4 退場2 $0.1850
[v9b] m08/36 届かなかった提示 0（累計 13）
[v9] m09/36 提示23 出品3 売却0 土地6/建物4/両方4 退場2 $0.2077
[v9b] m09/36 届かなかった提示 1（累計 14）
[v9] m10/36 提示25 出品2 売却0 土地6/建物4/両方4 退場2 $0.2286
[v9b] m10/36 届かなかった提示 2（累計 16）
[v9] m11/36 提示26 出品2 売却0 土地6/建物4/両方4 退場2 $0.2491
[v9b] m11/36 届かなかった提示 1（累計 17）
[v9] m12/36 提示26 出品2 売却0 土地6/建物4/両方4 退場2 $0.2700
[v9b] m12/36 届かなかった提示 0（累計 17）
[v9] m13/36 提示26 出品3 売却0 土地6/建物4/両方4 退場2 $0.2906
[v9b] m13/36 届かなかった提示 1（累計 18）
[v9] m14/36 提示12 出品3 売却0 土地6/建物4/両方4 退場2 $0.3108
[v9b] m14/36 届かなかった提示 5（累計 23）
[v9] m15/36 提示26 出品4 売却1 土地7/建物5/両方5 退場3 $0.3316
[v9b] m15/36 届かなかった提示 1（累計 24）
[v9] m16/36 提示26 出品3 売却1 土地8/建物6/両方6 退場3 $0.3550
[v9b] m16/36 届かなかった提示 7（累計 31）
[v9] m17/36 提示25 出品2 売却0 土地8/建物6/両方6 退場3 $0.3763
[v9b] m17/36 届かなかった提示 7（累計 38）
[v9] m18/36 提示16 出品2 売却0 土地8/建物6/両方6 退場3 $0.3955
[v9b] m18/36 届かなかった提示 0（累計 38）
[v9] m19/36 提示20 出品3 売却0 土地8/建物6/両方6 退場3 $0.4157
[v9b] m19/36 届かなかった提示 7（累計 45）
[v9] m20/36 提示24 出品3 売却0 土地8/建物6/両方6 退場3 $0.4362
[v9b] m20/36 届かなかった提示 2（累計 47）
[v9] m21/36 提示20 出品4 売却0 土地8/建物6/両方6 退場3 $0.4562
[v9b] m21/36 届かなかった提示 2（累計 49）
[v9] m22/36 提示20 出品4 売却0 土地8/建物6/両方6 退場3 $0.4760
[v9b] m22/36 届かなかった提示 2（累計 51）
[v9] m23/36 提示18 出品4 売却0 土地8/建物6/両方6 退場3 $0.4963
[v9b] m23/36 届かなかった提示 2（累計 53）
[v9] m24/36 提示12 出品4 売却0 土地8/建物6/両方6 退場3 $0.5152
[v9b] m24/36 届かなかった提示 0（累計 53）
[v9] m25/36 提示10 出品4 売却0 土地8/建物6/両方6 退場3 $0.5345
[v9b] m25/36 届かなかった提示 12（累計 65）
[v9] m26/36 提示20 出品4 売却0 土地8/建物6/両方6 退場3 $0.5539
[v9b] m26/36 届かなかった提示 2（累計 67）
[v9] m27/36 提示12 出品4 売却0 土地8/建物6/両方6 退場3 $0.5734
[v9b] m27/36 届かなかった提示 0（累計 67）
[v9] m28/36 提示12 出品3 売却0 土地8/建物6/両方6 退場3 $0.5925
[v9b] m28/36 届かなかった提示 0（累計 67）
[v9] m29/36 提示16 出品2 売却0 土地8/建物6/両方6 退場4 $0.6116
[v9b] m29/36 届かなかった提示 6（累計 73）
[v9] m30/36 提示10 出品2 売却0 土地8/建物6/両方6 退場4 $0.6340
[v9b] m30/36 届かなかった提示 1（累計 74）
[v9] m31/36 提示24 出品3 売却0 土地8/建物6/両方6 退場4 $0.6529
[v9b] m31/36 届かなかった提示 2（累計 76）
[v9] m32/36 提示12 出品3 売却0 土地8/建物6/両方6 退場4 $0.6709
[v9b] m32/36 届かなかった提示 0（累計 76）
[v9] m33/36 提示11 出品2 売却0 土地8/建物6/両方6 退場4 $0.6892
[v9b] m33/36 届かなかった提示 0（累計 76）
[v9] m34/36 提示12 出品3 売却0 土地8/建物6/両方6 退場4 $0.7080
[v9b] m34/36 届かなかった提示 0（累計 76）
[v9] m35/36 提示11 出品3 売却0 土地8/建物6/両方6 退場4 $0.7270
[v9b] m35/36 届かなかった提示 11（累計 87）
[v9] m36/36 提示12 出品3 売却0 土地8/建物6/両方6 退場4 $0.7457
[v9b] m36/36 届かなかった提示 4（累計 91）
{
  "run_name": "field_v9d_money_as_a_measure_chat",
  "scenario_version": "field_v9d",
  "chat": true,
  "scene_rounds": 1,
  "seed": 85,
  "steps": 36,
  "months_run": 36,
  "stopped_by_cost": false,
  "partial_month": null,
  "max_cost_usd": 1.87,
  "agents": 49,
  "residents_at_start": 35,
  "absentee_owners_at_start": 14,
  "parcels_total": 44,
  "sellable_parcels": 41,
  "buildings_total": 35,
  "land_only_parcels": 9,
  "acquired_parcels": 8,
  "acquired_land": 8,
  "acquired_buildings": 6,
  "acquired_both": 6,
  "transfers_total": 8,
  "sold_agents": 5,
  "left_agents": 4,
  "in_town_end": 31,
  "absentee_owners_end": 12,
  "no_user_parcels_end": 6,
  "offers_total": 710,
  "offers_accepted": 8,
  "offers_declined": 702,
  "offers_no_answer": 0,
  "offers_to_in_town": 332,
  "offers_to_absentee": 378,
  "sold_from_in_town": 4,
  "sold_from_absentee": 4,
  "accept_rate_in_town": 0.012,
  "accept_rate_absentee": 0.0106,
  "offers_by_kind": {
    "土地": 271,
    "建物": 11,
    "両方": 428
  },
  "sold_by_kind": {
    "土地": 2,
    "建物": 0,
    "両方": 6
  },
  "listings_total": 119,
  "listings_by_kind": {
    "土地": 48,
    "建物": 51,
    "両方": 20
  },
  "listing_choice_counts": {
    "出さない": 1370,
    "土地だけ": 48,
    "建物だけ": 51,
    "両方": 20,
    "no_answer": 0
  },
  "notices_total": 6,
  "utterances_total": 326,
  "no_answer": 0,
  "plan_no_answer": 0,
  "sell_no_answer": 0,
  "invalid_listing": 0,
  "listing_missing": 0,
  "invalid_sell": 0,
  "invalid_venue": 0,
  "truncated": 0,
  "parse_fail": 0,
  "acquirer_missing_targets": 0,
  "acquirer_dup_rows": 6,
  "acquirer_off_range": 0,
  "acquirer_chunk_fail": 0,
  "acquirer_empty_text": 0,
  "acquirer_invalid_offer": 54,
  "acquirer_missing_parcel": 0,
  "declines_delivered": 699,
  "reason_counts": {
    "listing_total": 1489,
    "listing_blank": 679,
    "sell_total": 710,
    "sell_blank": 3,
    "acquirer_total": 1185,
    "acquirer_blank": 0
  },
  "common_prefix_tokens": 2220,
  "cached_ratio": 0.532281374520654,
  "checkpoints_written": 36,
  "request_timeout_sec": 60.0,
  "timeout_retries": 0,
  "timeout_giveups": 0,
  "elapsed_sec": 1021.6,
  "cost_usd": 0.7457,
  "reason_written_listing": 810,
  "reason_rate_listing": 0.544,
  "reason_written_sell": 707,
  "reason_rate_sell": 0.9958,
  "reason_written_acquirer": 1185,
  "reason_rate_acquirer": 1.0,
  "acquirer_undeliverable_promise": 0,
  "undelivered_total": 91,
  "undelivered_by_reason": {
    "相手がその区画のその種別の所有権を持っていない": 54,
    "この世界で実行される仕組みが無い約束が含まれている": 0
  },
  "tenant_calls_total": 353,
  "tenant_left_total": 1,
  "tenant_no_answer": 0,
  "invalid_leave": 0,
  "tenant_leave_counts": {
    "出る": 1,
    "出ない": 352,
    "no_answer": 0
  },
  "messages_total": 307,
  "messages_tenant_to_landlord": 160,
  "messages_landlord_to_tenant": 147,
  "vacancy_notices_total": 1,
  "vacancy_notices_to_acquirer": 1,
  "undelivered_lines": 0,
  "vacated_parcels_end": [
    "灯台下の宿"
  ],
  "valuation_total": 2297700000,
  "budget_total": 1171800000,
  "budget_share": 0.51,
  "spent_total": 112840000,
  "budget_left": 1058960000,
  "acquirer_over_budget": 37,
  "acquirer_bad_amount": 0,
  "paid_deals": 8,
  "offer_ratio_mean": 1.0775,
  "wallets_nonzero": {
    "湯坂上のご夫婦": 25630000,
    "湯の元のひとり暮らしさん": 12500000,
    "学園西のご夫婦": 22510000,
    "船着場裏の不在地主": 19000000,
    "灯台下の宿の家主": 33200000
  }
}
run_dir: C:\Users\user\projects\quiet-acquisition\simulations\2026-08-30_1548_125_field_v9d_money_as_a_measure_chat
