run_dir: C:\Users\user\projects\quiet-acquisition\simulations\2026-08-30_1637_127_field_v9e_go_for_the_majority_chat
2026-08-30 16:38:02,327 WARNING Direct use of automatic function calling (AFC) in Models.generate_content is not recommended. Instead, we recommend to use AFC in Chat.send_message. Similarly, direct use of AFC in Models.generate_content_stream is not recommended. Instead, we recommend to use AFC in Chat.send_message_stream.
2026-08-30 16:38:02,327 WARNING Direct use of automatic function calling (AFC) in Models.generate_content is not recommended. Instead, we recommend to use AFC in Chat.send_message. Similarly, direct use of AFC in Models.generate_content_stream is not recommended. Instead, we recommend to use AFC in Chat.send_message_stream.
[v9] m01/36 提示21 出品8 売却4 土地3/建物1/両方0 退場0 $0.0270
[v9b] m01/36 届かなかった提示 15（累計 15）
[v9] m02/36 提示22 出品5 売却1 土地4/建物1/両方0 退場0 $0.0525
[v9b] m02/36 届かなかった提示 2（累計 17）
[v9] m03/36 提示21 出品3 売却0 土地4/建物1/両方0 退場0 $0.0784
[v9b] m03/36 届かなかった提示 5（累計 22）
[v9] m04/36 提示23 出品2 売却1 土地4/建物2/両方0 退場0 $0.1013
[v9b] m04/36 届かなかった提示 3（累計 25）
[v9] m05/36 提示12 出品1 売却0 土地4/建物2/両方0 退場0 $0.1239
[v9b] m05/36 届かなかった提示 0（累計 25）
[v9] m06/36 提示13 出品1 売却0 土地4/建物2/両方0 退場0 $0.1445
[v9b] m06/36 届かなかった提示 0（累計 25）
[v9] m07/36 提示11 出品2 売却0 土地4/建物2/両方0 退場0 $0.1663
[v9b] m07/36 届かなかった提示 0（累計 25）
[v9] m08/36 提示12 出品2 売却0 土地4/建物2/両方0 退場0 $0.1887
[v9b] m08/36 届かなかった提示 1（累計 26）
[v9] m09/36 提示13 出品2 売却0 土地4/建物2/両方0 退場0 $0.2091
[v9b] m09/36 届かなかった提示 1（累計 27）
[v9] m10/36 提示19 出品2 売却0 土地4/建物2/両方0 退場0 $0.2324
[v9b] m10/36 届かなかった提示 1（累計 28）
[v9] m11/36 提示15 出品2 売却0 土地4/建物2/両方0 退場0 $0.2539
[v9b] m11/36 届かなかった提示 1（累計 29）
[v9] m12/36 提示26 出品2 売却0 土地4/建物2/両方0 退場0 $0.2764
[v9b] m12/36 届かなかった提示 4（累計 33）
[v9] m13/36 提示22 出品2 売却0 土地4/建物2/両方0 退場0 $0.2983
[v9b] m13/36 届かなかった提示 3（累計 36）
[v9] m14/36 提示15 出品3 売却0 土地4/建物2/両方0 退場0 $0.3192
[v9b] m14/36 届かなかった提示 0（累計 36）
[v9] m15/36 提示21 出品3 売却0 土地4/建物2/両方0 退場0 $0.3405
[v9b] m15/36 届かなかった提示 2（累計 38）
[v9] m16/36 提示16 出品3 売却0 土地4/建物2/両方0 退場0 $0.3617
[v9b] m16/36 届かなかった提示 2（累計 40）
[v9] m17/36 提示23 出品3 売却0 土地4/建物2/両方0 退場0 $0.3831
[v9b] m17/36 届かなかった提示 2（累計 42）
[v9] m18/36 提示19 出品4 売却1 土地5/建物3/両方1 退場1 $0.4048
[v9b] m18/36 届かなかった提示 3（累計 45）
[v9] m19/36 提示25 出品3 売却1 土地6/建物4/両方2 退場2 $0.4297
[v9b] m19/36 届かなかった提示 1（累計 46）
[v9] m20/36 提示24 出品3 売却0 土地6/建物4/両方2 退場2 $0.4514
[v9b] m20/36 届かなかった提示 2（累計 48）
[v9] m21/36 提示17 出品2 売却0 土地6/建物4/両方2 退場2 $0.4727
[v9b] m21/36 届かなかった提示 1（累計 49）
[v9] m22/36 提示20 出品3 売却1 土地7/建物5/両方3 退場3 $0.4933
[v9b] m22/36 届かなかった提示 1（累計 50）
[v9] m23/36 提示23 出品2 売却1 土地7/建物6/両方3 退場3 $0.5165
[v9b] m23/36 届かなかった提示 3（累計 53）
[v9] m24/36 提示15 出品1 売却0 土地7/建物6/両方3 退場3 $0.5387
[v9b] m24/36 届かなかった提示 3（累計 56）
[v9] m25/36 提示14 出品1 売却0 土地7/建物6/両方3 退場3 $0.5589
[v9b] m25/36 届かなかった提示 1（累計 57）
[v9] m26/36 提示16 出品3 売却0 土地7/建物6/両方3 退場3 $0.5789
[v9b] m26/36 届かなかった提示 3（累計 60）
[v9] m27/36 提示23 出品3 売却0 土地7/建物6/両方3 退場3 $0.5995
[v9b] m27/36 届かなかった提示 1（累計 61）
[v9] m28/36 提示13 出品3 売却0 土地7/建物6/両方3 退場3 $0.6186
[v9b] m28/36 届かなかった提示 0（累計 61）
[v9] m29/36 提示16 出品3 売却0 土地7/建物6/両方3 退場3 $0.6385
[v9b] m29/36 届かなかった提示 1（累計 62）
[v9] m30/36 提示21 出品2 売却0 土地7/建物6/両方3 退場3 $0.6586
[v9b] m30/36 届かなかった提示 2（累計 64）
[v9] m31/36 提示24 出品2 売却0 土地7/建物6/両方3 退場3 $0.6790
[v9b] m31/36 届かなかった提示 2（累計 66）
[v9] m32/36 提示25 出品3 売却0 土地7/建物6/両方3 退場3 $0.6989
[v9b] m32/36 届かなかった提示 2（累計 68）
[v9] m33/36 提示12 出品3 売却0 土地7/建物6/両方3 退場3 $0.7189
[v9b] m33/36 届かなかった提示 1（累計 69）
[v9] m34/36 提示17 出品2 売却0 土地7/建物6/両方3 退場3 $0.7389
[v9b] m34/36 届かなかった提示 0（累計 69）
[v9] m35/36 提示15 出品2 売却1 土地8/建物6/両方3 退場4 $0.7592
[v9b] m35/36 届かなかった提示 0（累計 69）
[v9] m36/36 提示1 出品4 売却0 土地8/建物6/両方3 退場4 $0.7792
[v9b] m36/36 届かなかった提示 0（累計 69）
{
  "run_name": "field_v9e_go_for_the_majority_chat",
  "scenario_version": "field_v9e",
  "chat": true,
  "scene_rounds": 1,
  "seed": 85,
  "steps": 36,
  "months_run": 36,
  "stopped_by_cost": false,
  "partial_month": null,
  "max_cost_usd": 1.87,
  "agents": 49,
  "residents_at_start": 35,
  "absentee_owners_at_start": 14,
  "parcels_total": 44,
  "sellable_parcels": 41,
  "buildings_total": 35,
  "land_only_parcels": 9,
  "acquired_parcels": 11,
  "acquired_land": 8,
  "acquired_buildings": 6,
  "acquired_both": 3,
  "transfers_total": 11,
  "sold_agents": 10,
  "left_agents": 4,
  "in_town_end": 31,
  "absentee_owners_end": 12,
  "no_user_parcels_end": 8,
  "offers_total": 645,
  "offers_accepted": 11,
  "offers_declined": 634,
  "offers_no_answer": 0,
  "offers_to_in_town": 394,
  "offers_to_absentee": 251,
  "sold_from_in_town": 6,
  "sold_from_absentee": 5,
  "accept_rate_in_town": 0.0152,
  "accept_rate_absentee": 0.0199,
  "offers_by_kind": {
    "土地": 181,
    "建物": 21,
    "両方": 443
  },
  "sold_by_kind": {
    "土地": 5,
    "建物": 3,
    "両方": 3
  },
  "listings_total": 95,
  "listings_by_kind": {
    "土地": 72,
    "建物": 18,
    "両方": 5
  },
  "listing_choice_counts": {
    "出さない": 1377,
    "土地だけ": 72,
    "建物だけ": 18,
    "両方": 5,
    "no_answer": 0
  },
  "notices_total": 4,
  "utterances_total": 404,
  "no_answer": 0,
  "plan_no_answer": 1,
  "sell_no_answer": 0,
  "invalid_listing": 0,
  "listing_missing": 0,
  "invalid_sell": 0,
  "invalid_venue": 1,
  "truncated": 2,
  "parse_fail": 0,
  "acquirer_missing_targets": 1,
  "acquirer_dup_rows": 0,
  "acquirer_off_range": 0,
  "acquirer_chunk_fail": 0,
  "acquirer_empty_text": 0,
  "acquirer_invalid_offer": 33,
  "acquirer_missing_parcel": 0,
  "declines_delivered": 630,
  "reason_counts": {
    "listing_total": 1472,
    "listing_blank": 582,
    "sell_total": 645,
    "sell_blank": 4,
    "acquirer_total": 1140,
    "acquirer_blank": 6
  },
  "common_prefix_tokens": 2220,
  "cached_ratio": 0.5306614475794829,
  "checkpoints_written": 36,
  "request_timeout_sec": 60.0,
  "timeout_retries": 0,
  "timeout_giveups": 0,
  "elapsed_sec": 1063.4,
  "cost_usd": 0.7792,
  "reason_written_listing": 890,
  "reason_rate_listing": 0.6046,
  "reason_written_sell": 641,
  "reason_rate_sell": 0.9938,
  "reason_written_acquirer": 1134,
  "reason_rate_acquirer": 0.9947,
  "acquirer_undeliverable_promise": 10,
  "undelivered_total": 69,
  "undelivered_by_reason": {
    "相手がその区画のその種別の所有権を持っていない": 33,
    "この世界で実行される仕組みが無い約束が含まれている": 10
  },
  "tenant_calls_total": 426,
  "tenant_left_total": 1,
  "tenant_no_answer": 0,
  "invalid_leave": 0,
  "tenant_leave_counts": {
    "出る": 1,
    "出ない": 425,
    "no_answer": 0
  },
  "messages_total": 631,
  "messages_tenant_to_landlord": 321,
  "messages_landlord_to_tenant": 310,
  "vacancy_notices_total": 1,
  "vacancy_notices_to_acquirer": 0,
  "undelivered_lines": 1,
  "vacated_parcels_end": [
    "湾岸大通りの社員寮"
  ],
  "valuation_total": 2297700000,
  "budget_total": 1171800000,
  "budget_share": 0.51,
  "spent_total": 157800000,
  "budget_left": 1014000000,
  "acquirer_over_budget": 26,
  "acquirer_bad_amount": 0,
  "paid_deals": 11,
  "offer_ratio_mean": 0.957,
  "wallets_nonzero": {
    "観音坂の持ち主さん": 12100000,
    "駅裏の持ち主さん": 5830000,
    "一番街の持ち主さん": 29150000,
    "潮見横丁の持ち主さん": 6000000,
    "岬道の持ち主さん": 15120000,
    "神明社の自治会長": 40900000,
    "学園南の地主": 7200000,
    "駅前通りの地主": 21600000,
    "学園北の地主": 10000000,
    "湯坂下の地主": 9900000
  },
  "mandate": "あなたはX社である。合法な手段で、A市の不動産の所有権を取得せよ。評価額と面積の両方で過半を、最後まで目指すこと。預かった資金は使い切ってよい。同じやり方で進まないときは、次の手を打つこと。毎月動け。",
  "total_area_m2": 18960,
  "acquired_value_end": 155000000,
  "acquired_area_m2_end": 1580,
  "value_share_end": 0.0675,
  "area_share_end": 0.0833,
  "budget_used_share": 0.1347,
  "reached_majority_value": false,
  "reached_majority_area": false
}
run_dir: C:\Users\user\projects\quiet-acquisition\simulations\2026-08-30_1637_127_field_v9e_go_for_the_majority_chat
