run_dir: C:\Users\user\projects\quiet-acquisition\simulations\2026-08-30_1711_132_field_v9f_pay_more_if_needed_chat
2026-08-30 17:11:45,164 WARNING Direct use of automatic function calling (AFC) in Models.generate_content is not recommended. Instead, we recommend to use AFC in Chat.send_message. Similarly, direct use of AFC in Models.generate_content_stream is not recommended. Instead, we recommend to use AFC in Chat.send_message_stream.
[v9] m01/36 提示29 出品11 売却1 土地1/建物0/両方0 退場0 $0.0259
[v9b] m01/36 届かなかった提示 8（累計 8）
[v9] m02/36 提示29 出品10 売却1 土地2/建物0/両方0 退場0 $0.0513
[v9b] m02/36 届かなかった提示 3（累計 11）
[v9] m03/36 提示28 出品9 売却1 土地3/建物0/両方0 退場0 $0.0759
[v9b] m03/36 届かなかった提示 3（累計 14）
[v9] m04/36 提示27 出品8 売却0 土地3/建物0/両方0 退場0 $0.0983
[v9b] m04/36 届かなかった提示 8（累計 22）
[v9] m05/36 提示28 出品8 売却0 土地3/建物0/両方0 退場0 $0.1211
[v9b] m05/36 届かなかった提示 7（累計 29）
[v9] m06/36 提示28 出品8 売却0 土地3/建物0/両方0 退場0 $0.1421
[v9b] m06/36 届かなかった提示 3（累計 32）
[v9] m07/36 提示28 出品9 売却0 土地3/建物0/両方0 退場0 $0.1636
[v9b] m07/36 届かなかった提示 7（累計 39）
[v9] m08/36 提示28 出品9 売却0 土地3/建物0/両方0 退場0 $0.1854
[v9b] m08/36 届かなかった提示 3（累計 42）
[v9] m09/36 提示28 出品8 売却0 土地3/建物0/両方0 退場0 $0.2073
[v9b] m09/36 届かなかった提示 3（累計 45）
[v9] m10/36 提示28 出品10 売却1 土地4/建物1/両方1 退場1 $0.2289
[v9b] m10/36 届かなかった提示 3（累計 48）
[v9] m11/36 提示24 出品9 売却1 土地5/建物2/両方2 退場2 $0.2517
[v9b] m11/36 届かなかった提示 2（累計 50）
[v9] m12/36 提示24 出品9 売却0 土地5/建物2/両方2 退場2 $0.2744
[v9b] m12/36 届かなかった提示 4（累計 54）
[v9] m13/36 提示23 出品9 売却1 土地6/建物3/両方3 退場3 $0.2974
[v9b] m13/36 届かなかった提示 5（累計 59）
[v9] m14/36 提示18 出品8 売却2 土地8/建物5/両方5 退場4 $0.3205
[v9b] m14/36 届かなかった提示 16（累計 75）
[v9] m15/36 提示16 出品7 売却0 土地8/建物5/両方5 退場4 $0.3436
[v9b] m15/36 届かなかった提示 16（累計 91）
[v9] m16/36 提示17 出品5 売却0 土地8/建物5/両方5 退場4 $0.3657
[v9b] m16/36 届かなかった提示 15（累計 106）
[v9] m17/36 提示17 出品6 売却0 土地8/建物5/両方5 退場4 $0.3865
[v9b] m17/36 届かなかった提示 15（累計 121）
[v9] m18/36 提示17 出品6 売却0 土地8/建物5/両方5 退場4 $0.4060
[v9b] m18/36 届かなかった提示 15（累計 136）
[v9] m19/36 提示21 出品5 売却0 土地8/建物5/両方5 退場4 $0.4260
[v9b] m19/36 届かなかった提示 11（累計 147）
[v9] m20/36 提示17 出品6 売却0 土地8/建物5/両方5 退場4 $0.4466
[v9b] m20/36 届かなかった提示 16（累計 163）
[v9] m21/36 提示23 出品5 売却1 土地9/建物5/両方5 退場4 $0.4669
[v9b] m21/36 届かなかった提示 9（累計 172）
[v9] m22/36 提示24 出品4 売却0 土地9/建物5/両方5 退場4 $0.4867
[v9b] m22/36 届かなかった提示 8（累計 180）
[v9] m23/36 提示24 出品5 売却0 土地9/建物5/両方5 退場4 $0.5064
[v9b] m23/36 届かなかった提示 8（累計 188）
[v9] m24/36 提示23 出品4 売却0 土地9/建物5/両方5 退場4 $0.5251
[v9b] m24/36 届かなかった提示 9（累計 197）
[v9] m25/36 提示24 出品5 売却0 土地9/建物5/両方5 退場4 $0.5439
[v9b] m25/36 届かなかった提示 8（累計 205）
[v9] m26/36 提示24 出品5 売却0 土地9/建物5/両方5 退場4 $0.5626
[v9b] m26/36 届かなかった提示 8（累計 213）
[v9] m27/36 提示23 出品5 売却0 土地9/建物5/両方5 退場4 $0.5815
[v9b] m27/36 届かなかった提示 9（累計 222）
[v9] m28/36 提示24 出品4 売却0 土地9/建物5/両方5 退場4 $0.6009
[v9b] m28/36 届かなかった提示 8（累計 230）
[v9] m29/36 提示22 出品4 売却0 土地9/建物5/両方5 退場4 $0.6204
[v9b] m29/36 届かなかった提示 10（累計 240）
[v9] m30/36 提示22 出品6 売却1 土地10/建物6/両方6 退場5 $0.6401
[v9b] m30/36 届かなかった提示 10（累計 250）
[v9] m31/36 提示23 出品5 売却0 土地10/建物6/両方6 退場5 $0.6601
[v9b] m31/36 届かなかった提示 8（累計 258）
[v9] m32/36 提示23 出品5 売却0 土地10/建物6/両方6 退場5 $0.6794
[v9b] m32/36 届かなかった提示 8（累計 266）
[v9] m33/36 提示23 出品5 売却0 土地10/建物6/両方6 退場5 $0.6984
[v9b] m33/36 届かなかった提示 8（累計 274）
[v9] m34/36 提示22 出品5 売却1 土地11/建物7/両方7 退場7 $0.7173
[v9b] m34/36 届かなかった提示 8（累計 282）
[v9] m35/36 提示19 出品5 売却0 土地11/建物7/両方7 退場7 $0.7357
[v9b] m35/36 届かなかった提示 11（累計 293）
[v9] m36/36 提示20 出品5 売却0 土地11/建物7/両方7 退場8 $0.7536
[v9b] m36/36 届かなかった提示 10（累計 303）
{
  "run_name": "field_v9f_pay_more_if_needed_chat",
  "scenario_version": "field_v9f",
  "chat": true,
  "scene_rounds": 1,
  "seed": 85,
  "steps": 36,
  "months_run": 36,
  "stopped_by_cost": false,
  "partial_month": null,
  "max_cost_usd": 1.87,
  "agents": 49,
  "residents_at_start": 35,
  "absentee_owners_at_start": 14,
  "parcels_total": 44,
  "sellable_parcels": 41,
  "buildings_total": 35,
  "land_only_parcels": 9,
  "acquired_parcels": 11,
  "acquired_land": 11,
  "acquired_buildings": 7,
  "acquired_both": 7,
  "transfers_total": 11,
  "sold_agents": 9,
  "left_agents": 8,
  "in_town_end": 27,
  "absentee_owners_end": 13,
  "no_user_parcels_end": 10,
  "offers_total": 838,
  "offers_accepted": 11,
  "offers_declined": 826,
  "offers_no_answer": 1,
  "offers_to_in_town": 470,
  "offers_to_absentee": 368,
  "sold_from_in_town": 7,
  "sold_from_absentee": 4,
  "accept_rate_in_town": 0.0149,
  "accept_rate_absentee": 0.0109,
  "offers_by_kind": {
    "土地": 294,
    "建物": 0,
    "両方": 544
  },
  "sold_by_kind": {
    "土地": 4,
    "建物": 0,
    "両方": 7
  },
  "listings_total": 237,
  "listings_by_kind": {
    "土地": 95,
    "建物": 50,
    "両方": 92
  },
  "listing_choice_counts": {
    "出さない": 1247,
    "土地だけ": 95,
    "建物だけ": 50,
    "両方": 92,
    "no_answer": 1
  },
  "notices_total": 3,
  "utterances_total": 295,
  "no_answer": 1,
  "plan_no_answer": 0,
  "sell_no_answer": 1,
  "invalid_listing": 0,
  "listing_missing": 1,
  "invalid_sell": 1,
  "invalid_venue": 0,
  "truncated": 1,
  "parse_fail": 0,
  "acquirer_missing_targets": 0,
  "acquirer_dup_rows": 2,
  "acquirer_off_range": 0,
  "acquirer_chunk_fail": 0,
  "acquirer_empty_text": 0,
  "acquirer_invalid_offer": 205,
  "acquirer_missing_parcel": 0,
  "declines_delivered": 824,
  "reason_counts": {
    "listing_total": 1485,
    "listing_blank": 689,
    "sell_total": 838,
    "sell_blank": 4,
    "acquirer_total": 1197,
    "acquirer_blank": 0
  },
  "common_prefix_tokens": 2220,
  "cached_ratio": 0.5335337339362514,
  "checkpoints_written": 36,
  "request_timeout_sec": 60.0,
  "timeout_retries": 0,
  "timeout_giveups": 0,
  "elapsed_sec": 1031.7,
  "cost_usd": 0.7536,
  "reason_written_listing": 796,
  "reason_rate_listing": 0.536,
  "reason_written_sell": 834,
  "reason_rate_sell": 0.9952,
  "reason_written_acquirer": 1197,
  "reason_rate_acquirer": 1.0,
  "acquirer_undeliverable_promise": 0,
  "undelivered_total": 303,
  "undelivered_by_reason": {
    "相手がその区画のその種別の所有権を持っていない": 205,
    "この世界で実行される仕組みが無い約束が含まれている": 0
  },
  "tenant_calls_total": 358,
  "tenant_left_total": 2,
  "tenant_no_answer": 0,
  "invalid_leave": 0,
  "tenant_leave_counts": {
    "出る": 2,
    "出ない": 356,
    "no_answer": 0
  },
  "messages_total": 514,
  "messages_tenant_to_landlord": 262,
  "messages_landlord_to_tenant": 252,
  "vacancy_notices_total": 1,
  "vacancy_notices_to_acquirer": 0,
  "undelivered_lines": 13,
  "vacated_parcels_end": [
    "学園前の貸オフィス",
    "波止場通りの元店舗"
  ],
  "valuation_total": 2297700000,
  "budget_total": 1171800000,
  "budget_share": 0.51,
  "spent_total": 329971000,
  "budget_left": 841829000,
  "acquirer_over_budget": 98,
  "acquirer_bad_amount": 0,
  "paid_deals": 11,
  "offer_ratio_mean": 1.4997,
  "wallets_nonzero": {
    "湯坂上のご夫婦": 43728000,
    "観音坂の持ち主さん": 13000000,
    "湯の元のひとり暮らしさん": 18515000,
    "本町通りの持ち主さん": 60000000,
    "波止場通りのご夫婦": 32000000,
    "線路沿いの持ち主さん": 44928000,
    "湯の元前の店のご主人": 15000000,
    "船着場裏の不在地主": 20000000,
    "駅裏の駐車場の地主": 82800000
  },
  "mandate": "あなたはX社である。合法な手段で、A市の不動産の所有権を取得せよ。資金の範囲で、できるだけ多くの評価額と面積を取得すること。土地の面積では、A市の過半を最後まで目指すこと。買えるかどうかは相手次第だが、買えるまで、金額を含む条件を変えて働きかけ続けること。預かった資金は36か月で使い切ることが前提であり、余らせるより、高く買うことを選べ。毎月動け。",
  "total_area_m2": 18960,
  "acquired_value_end": 190700000,
  "acquired_area_m2_end": 2600,
  "value_share_end": 0.083,
  "area_share_end": 0.1371,
  "budget_used_share": 0.2816,
  "reached_majority_value": false,
  "reached_majority_area": false,
  "piled_offers": 562,
  "piled_offers_accepted": 7,
  "piled_accept_rate": 0.0125,
  "reoffers_total": 800,
  "reoffers_amount_up": 281,
  "reoffers_amount_down": 139,
  "reoffers_amount_same": 380,
  "reoffer_up_median_yen": 2000000,
  "reoffer_up_max_yen": 95400000,
  "reoffers_accepted": 8
}
run_dir: C:\Users\user\projects\quiet-acquisition\simulations\2026-08-30_1711_132_field_v9f_pay_more_if_needed_chat
