run_dir: C:\Users\user\projects\quiet-acquisition\simulations\2026-08-30_1925_136_field_v9g_full_attack_chat
2026-08-30 19:25:32,876 WARNING Direct use of automatic function calling (AFC) in Models.generate_content is not recommended. Instead, we recommend to use AFC in Chat.send_message. Similarly, direct use of AFC in Models.generate_content_stream is not recommended. Instead, we recommend to use AFC in Chat.send_message_stream.
2026-08-30 19:25:32,877 WARNING Direct use of automatic function calling (AFC) in Models.generate_content is not recommended. Instead, we recommend to use AFC in Chat.send_message. Similarly, direct use of AFC in Models.generate_content_stream is not recommended. Instead, we recommend to use AFC in Chat.send_message_stream.
[v9] m01/36 提示30 出品7 売却3 土地3/建物2/両方2 退場1 $0.0283
[v9b] m01/36 届かなかった提示 7（累計 7）
[v9] m02/36 提示28 出品7 売却0 土地3/建物2/両方2 退場1 $0.0573
[v9b] m02/36 届かなかった提示 6（累計 13）
[v9] m03/36 提示28 出品7 売却0 土地3/建物2/両方2 退場1 $0.0821
[v9b] m03/36 届かなかった提示 6（累計 19）
[v9] m04/36 提示29 出品5 売却1 土地3/建物3/両方2 退場2 $0.1061
[v9b] m04/36 届かなかった提示 5（累計 24）
[v9] m05/36 提示28 出品4 売却0 土地3/建物3/両方2 退場2 $0.1325
[v9b] m05/36 届かなかった提示 1（累計 25）
[v9] m06/36 提示28 出品4 売却0 土地3/建物3/両方2 退場2 $0.1563
[v9b] m06/36 届かなかった提示 6（累計 31）
[v9] m07/36 提示28 出品4 売却0 土地3/建物3/両方2 退場2 $0.1792
[v9b] m07/36 届かなかった提示 6（累計 37）
[v9] m08/36 提示28 出品4 売却0 土地3/建物3/両方2 退場2 $0.2014
[v9b] m08/36 届かなかった提示 6（累計 43）
[v9] m09/36 提示28 出品3 売却0 土地3/建物3/両方2 退場2 $0.2226
[v9b] m09/36 届かなかった提示 2（累計 45）
[v9] m10/36 提示29 出品3 売却0 土地3/建物3/両方2 退場2 $0.2451
[v9b] m10/36 届かなかった提示 0（累計 45）
[v9] m11/36 提示28 出品3 売却0 土地3/建物3/両方2 退場2 $0.2685
[v9b] m11/36 届かなかった提示 6（累計 51）
[v9] m12/36 提示28 出品4 売却0 土地3/建物3/両方2 退場2 $0.2908
[v9b] m12/36 届かなかった提示 6（累計 57）
[v9] m13/36 提示29 出品4 売却0 土地3/建物3/両方2 退場2 $0.3137
[v9b] m13/36 届かなかった提示 5（累計 62）
[v9] m14/36 提示27 出品4 売却0 土地3/建物3/両方2 退場2 $0.3360
[v9b] m14/36 届かなかった提示 5（累計 67）
[v9] m15/36 提示29 出品4 売却1 土地4/建物4/両方3 退場3 $0.3589
[v9b] m15/36 届かなかった提示 5（累計 72）
[v9] m16/36 提示27 出品2 売却0 土地4/建物4/両方3 退場3 $0.3838
[v9b] m16/36 届かなかった提示 6（累計 78）
[v9] m17/36 提示27 出品3 売却0 土地4/建物4/両方3 退場3 $0.4062
[v9b] m17/36 届かなかった提示 1（累計 79）
[v9] m18/36 提示28 出品4 売却1 土地4/建物5/両方3 退場3 $0.4288
[v9b] m18/36 届かなかった提示 5（累計 84）
[v9] m19/36 提示27 出品3 売却0 土地4/建物5/両方3 退場3 $0.4513
[v9b] m19/36 届かなかった提示 1（累計 85）
[v9] m20/36 提示27 出品3 売却0 土地4/建物5/両方3 退場3 $0.4726
[v9b] m20/36 届かなかった提示 5（累計 90）
[v9] m21/36 提示27 出品3 売却0 土地4/建物5/両方3 退場3 $0.4943
[v9b] m21/36 届かなかった提示 5（累計 95）
[v9] m22/36 提示27 出品3 売却0 土地4/建物5/両方3 退場3 $0.5173
[v9b] m22/36 届かなかった提示 5（累計 100）
[v9] m23/36 提示31 出品3 売却1 土地4/建物6/両方3 退場3 $0.5388
[v9b] m23/36 届かなかった提示 1（累計 101）
[v9] m24/36 提示30 出品2 売却0 土地4/建物6/両方3 退場4 $0.5611
[v9b] m24/36 届かなかった提示 1（累計 102）
[v9] m25/36 提示30 出品2 売却0 土地4/建物6/両方3 退場4 $0.5846
[v9b] m25/36 届かなかった提示 1（累計 103）
[v9] m26/36 提示29 出品2 売却0 土地4/建物6/両方3 退場4 $0.6068
[v9b] m26/36 届かなかった提示 2（累計 105）
[v9] m27/36 提示29 出品2 売却1 土地4/建物7/両方3 退場4 $0.6289
[v9b] m27/36 届かなかった提示 2（累計 107）
[v9] m28/36 提示27 出品2 売却0 土地4/建物7/両方3 退場4 $0.6505
[v9b] m28/36 届かなかった提示 4（累計 111）
[v9] m29/36 提示27 出品1 売却0 土地4/建物7/両方3 退場4 $0.6734
[v9b] m29/36 届かなかった提示 2（累計 113）
[v9] m30/36 提示28 出品1 売却1 土地5/建物8/両方4 退場5 $0.6958
[v9b] m30/36 届かなかった提示 3（累計 116）
[v9] m31/36 提示27 出品1 売却0 土地5/建物8/両方4 退場5 $0.7188
[v9b] m31/36 届かなかった提示 3（累計 119）
[v9] m32/36 提示27 出品1 売却0 土地5/建物8/両方4 退場5 $0.7408
[v9b] m32/36 届かなかった提示 3（累計 122）
[v9] m33/36 提示27 出品1 売却0 土地5/建物8/両方4 退場5 $0.7623
[v9b] m33/36 届かなかった提示 2（累計 124）
[v9] m34/36 提示27 出品2 売却0 土地5/建物8/両方4 退場5 $0.7829
[v9b] m34/36 届かなかった提示 3（累計 127）
[v9] m35/36 提示27 出品1 売却0 土地5/建物8/両方4 退場8 $0.8036
[v9b] m35/36 届かなかった提示 3（累計 130）
[v9] m36/36 提示27 出品1 売却0 土地5/建物8/両方4 退場9 $0.8246
[v9b] m36/36 届かなかった提示 3（累計 133）
{
  "run_name": "field_v9g_full_attack_chat",
  "scenario_version": "field_v9g",
  "chat": true,
  "scene_rounds": 1,
  "seed": 85,
  "steps": 36,
  "months_run": 36,
  "stopped_by_cost": false,
  "partial_month": null,
  "max_cost_usd": 1.9,
  "agents": 49,
  "residents_at_start": 35,
  "absentee_owners_at_start": 14,
  "parcels_total": 44,
  "sellable_parcels": 41,
  "buildings_total": 35,
  "land_only_parcels": 9,
  "acquired_parcels": 9,
  "acquired_land": 5,
  "acquired_buildings": 8,
  "acquired_both": 4,
  "transfers_total": 9,
  "sold_agents": 9,
  "left_agents": 9,
  "in_town_end": 26,
  "absentee_owners_end": 13,
  "no_user_parcels_end": 12,
  "offers_total": 1008,
  "offers_accepted": 9,
  "offers_declined": 999,
  "offers_no_answer": 0,
  "offers_to_in_town": 551,
  "offers_to_absentee": 457,
  "sold_from_in_town": 8,
  "sold_from_absentee": 1,
  "accept_rate_in_town": 0.0145,
  "accept_rate_absentee": 0.0022,
  "offers_by_kind": {
    "土地": 375,
    "建物": 50,
    "両方": 583
  },
  "sold_by_kind": {
    "土地": 1,
    "建物": 4,
    "両方": 4
  },
  "listings_total": 110,
  "listings_by_kind": {
    "土地": 46,
    "建物": 37,
    "両方": 27
  },
  "listing_choice_counts": {
    "出さない": 1423,
    "土地だけ": 46,
    "建物だけ": 37,
    "両方": 27,
    "no_answer": 0
  },
  "notices_total": 2,
  "utterances_total": 469,
  "no_answer": 0,
  "plan_no_answer": 0,
  "sell_no_answer": 0,
  "invalid_listing": 0,
  "listing_missing": 0,
  "invalid_sell": 0,
  "invalid_venue": 0,
  "truncated": 1,
  "parse_fail": 0,
  "acquirer_missing_targets": 0,
  "acquirer_dup_rows": 7,
  "acquirer_off_range": 0,
  "acquirer_chunk_fail": 0,
  "acquirer_empty_text": 0,
  "acquirer_invalid_offer": 123,
  "acquirer_missing_parcel": 0,
  "declines_delivered": 989,
  "reason_counts": {
    "listing_total": 1533,
    "listing_blank": 796,
    "sell_total": 1008,
    "sell_blank": 10,
    "acquirer_total": 1179,
    "acquirer_blank": 0
  },
  "common_prefix_tokens": 2220,
  "cached_ratio": 0.5107936082995946,
  "checkpoints_written": 36,
  "request_timeout_sec": 60.0,
  "timeout_retries": 0,
  "timeout_giveups": 0,
  "elapsed_sec": 1061.3,
  "cost_usd": 0.8246,
  "reason_written_listing": 737,
  "reason_rate_listing": 0.4808,
  "reason_written_sell": 998,
  "reason_rate_sell": 0.9901,
  "reason_written_acquirer": 1179,
  "reason_rate_acquirer": 1.0,
  "acquirer_undeliverable_promise": 10,
  "undelivered_total": 133,
  "undelivered_by_reason": {
    "相手がその区画のその種別の所有権を持っていない": 123,
    "この世界で実行される仕組みが無い約束が含まれている": 10
  },
  "tenant_calls_total": 376,
  "tenant_left_total": 6,
  "tenant_no_answer": 0,
  "invalid_leave": 0,
  "tenant_leave_counts": {
    "出る": 6,
    "出ない": 370,
    "no_answer": 0
  },
  "messages_total": 520,
  "messages_tenant_to_landlord": 266,
  "messages_landlord_to_tenant": 254,
  "vacancy_notices_total": 6,
  "vacancy_notices_to_acquirer": 1,
  "undelivered_lines": 4,
  "vacated_parcels_end": [
    "商店街裏の時間貸し駐車場",
    "学園前の貸オフィス",
    "本町通りの元店舗",
    "湯坂下の家",
    "湾岸大通りのホテル",
    "湾岸大通りの社員寮",
    "駅裏北の月極駐車場"
  ],
  "valuation_total": 2297700000,
  "budget_total": 2297700000,
  "budget_share": 1.0,
  "spent_total": 150380000,
  "budget_left": 2147320000,
  "acquirer_over_budget": 0,
  "acquirer_bad_amount": 0,
  "paid_deals": 9,
  "offer_ratio_mean": 1.1944,
  "wallets_nonzero": {
    "観音坂の持ち主さん": 6890000,
    "湯の元のひとり暮らしさん": 15000000,
    "駅裏の持ち主さん": 8000000,
    "湯坂下の持ち主さん": 7950000,
    "北団地の持ち主さん": 6360000,
    "線路沿いの持ち主さん": 31980000,
    "湯の元前の店のご主人": 13600000,
    "魚市場前の診療所の院長": 43200000,
    "波止場通りの元店舗の家主": 17400000
  },
  "mandate": "あなたはX社である。合法な手段で、A市の不動産の所有権を取得せよ。毎月、A市の所有者全員に提示せよ。断られたら、買えるまで上限なく金額を吊り上げてよい。土地の面積では、A市の過半を最後まで目指すこと。預かった資金は36か月で使い切れ。毎月動け。",
  "total_area_m2": 18960,
  "acquired_value_end": 127600000,
  "acquired_area_m2_end": 960,
  "value_share_end": 0.0555,
  "area_share_end": 0.0506,
  "budget_used_share": 0.0654,
  "reached_majority_value": false,
  "reached_majority_area": false,
  "piled_offers": 488,
  "piled_offers_accepted": 6,
  "piled_accept_rate": 0.0123,
  "reoffers_total": 960,
  "reoffers_amount_up": 322,
  "reoffers_amount_down": 279,
  "reoffers_amount_same": 359,
  "reoffer_up_median_yen": 2860000,
  "reoffer_up_max_yen": 169920000,
  "reoffers_accepted": 3,
  "coverage_mean": 0.8621,
  "coverage_full_months": 0
}
run_dir: C:\Users\user\projects\quiet-acquisition\simulations\2026-08-30_1925_136_field_v9g_full_attack_chat
