run_dir: C:\Users\user\projects\quiet-acquisition\simulations\2026-08-30_2017_138_field_v9h_declared_majority_chat
2026-08-30 20:17:25,562 WARNING Direct use of automatic function calling (AFC) in Models.generate_content is not recommended. Instead, we recommend to use AFC in Chat.send_message. Similarly, direct use of AFC in Models.generate_content_stream is not recommended. Instead, we recommend to use AFC in Chat.send_message_stream.
[v9] m01/36 提示30 出品2 売却1 土地1/建物0/両方0 退場0 $0.0268
[v9b] m01/36 届かなかった提示 8（累計 8）
[v9] m02/36 提示29 出品4 売却0 土地1/建物0/両方0 退場0 $0.0521
[v9b] m02/36 届かなかった提示 3（累計 11）
[v9] m03/36 提示29 出品6 売却0 土地1/建物0/両方0 退場0 $0.0754
[v9b] m03/36 届かなかった提示 3（累計 14）
[v9] m04/36 提示29 出品6 売却0 土地1/建物0/両方0 退場0 $0.0997
[v9b] m04/36 届かなかった提示 3（累計 17）
[v9] m05/36 提示29 出品4 売却0 土地1/建物0/両方0 退場0 $0.1234
[v9b] m05/36 届かなかった提示 3（累計 20）
[v9] m06/36 提示29 出品4 売却0 土地1/建物0/両方0 退場0 $0.1462
[v9b] m06/36 届かなかった提示 3（累計 23）
[v9] m07/36 提示29 出品3 売却1 土地2/建物0/両方0 退場0 $0.1686
[v9b] m07/36 届かなかった提示 3（累計 26）
[v9] m08/36 提示30 出品3 売却0 土地2/建物0/両方0 退場0 $0.1905
[v9b] m08/36 届かなかった提示 7（累計 33）
[v9] m09/36 提示30 出品4 売却0 土地2/建物0/両方0 退場0 $0.2117
[v9b] m09/36 届かなかった提示 7（累計 40）
[v9] m10/36 提示30 出品4 売却0 土地2/建物0/両方0 退場0 $0.2339
[v9b] m10/36 届かなかった提示 2（累計 42）
[v9] m11/36 提示29 出品4 売却0 土地2/建物0/両方0 退場0 $0.2564
[v9b] m11/36 届かなかった提示 3（累計 45）
2026-08-30 20:23:25,978 WARNING 一時障害（1/3）。1秒待って再試行: 503 UNAVAILABLE. {'error': {'code': 503, 'message': 'The service is currently unavailable.', 'status': 'UNAVAILABLE'}}
[v9] m12/36 提示30 出品4 売却0 土地2/建物0/両方0 退場0 $0.2788
[v9b] m12/36 届かなかった提示 2（累計 47）
[v9] m13/36 提示29 出品4 売却0 土地2/建物0/両方0 退場0 $0.3020
[v9b] m13/36 届かなかった提示 3（累計 50）
[v9] m14/36 提示29 出品4 売却0 土地2/建物0/両方0 退場0 $0.3252
[v9b] m14/36 届かなかった提示 3（累計 53）
[v9] m15/36 提示29 出品4 売却0 土地2/建物0/両方0 退場0 $0.3467
[v9b] m15/36 届かなかった提示 3（累計 56）
[v9] m16/36 提示29 出品4 売却0 土地2/建物0/両方0 退場0 $0.3682
[v9b] m16/36 届かなかった提示 3（累計 59）
[v9] m17/36 提示31 出品4 売却0 土地2/建物0/両方0 退場0 $0.3894
[v9b] m17/36 届かなかった提示 1（累計 60）
[v9] m18/36 提示31 出品4 売却0 土地2/建物0/両方0 退場0 $0.4105
[v9b] m18/36 届かなかった提示 1（累計 61）
[v9] m19/36 提示31 出品4 売却0 土地2/建物0/両方0 退場0 $0.4317
[v9b] m19/36 届かなかった提示 1（累計 62）
[v9] m20/36 提示31 出品4 売却0 土地2/建物0/両方0 退場0 $0.4529
[v9b] m20/36 届かなかった提示 1（累計 63）
[v9] m21/36 提示31 出品4 売却0 土地2/建物0/両方0 退場0 $0.4740
[v9b] m21/36 届かなかった提示 1（累計 64）
[v9] m22/36 提示31 出品5 売却0 土地2/建物0/両方0 退場0 $0.4955
[v9b] m22/36 届かなかった提示 1（累計 65）
[v9] m23/36 提示31 出品4 売却0 土地2/建物0/両方0 退場0 $0.5170
[v9b] m23/36 届かなかった提示 1（累計 66）
[v9] m24/36 提示30 出品4 売却0 土地2/建物0/両方0 退場0 $0.5380
[v9b] m24/36 届かなかった提示 2（累計 68）
[v9] m25/36 提示31 出品4 売却0 土地2/建物0/両方0 退場0 $0.5594
[v9b] m25/36 届かなかった提示 1（累計 69）
[v9] m26/36 提示30 出品4 売却0 土地2/建物0/両方0 退場0 $0.5807
[v9b] m26/36 届かなかった提示 2（累計 71）
[v9] m27/36 提示31 出品4 売却0 土地2/建物0/両方0 退場0 $0.6018
[v9b] m27/36 届かなかった提示 1（累計 72）
[v9] m28/36 提示12 出品4 売却0 土地2/建物0/両方0 退場0 $0.6225
[v9b] m28/36 届かなかった提示 20（累計 92）
[v9] m29/36 提示33 出品2 売却0 土地2/建物0/両方0 退場0 $0.6444
[v9b] m29/36 届かなかった提示 2（累計 94）
[v9] m30/36 提示35 出品2 売却0 土地2/建物0/両方0 退場0 $0.6676
[v9b] m30/36 届かなかった提示 1（累計 95）
[v9] m31/36 提示35 出品2 売却0 土地2/建物0/両方0 退場0 $0.6907
[v9b] m31/36 届かなかった提示 1（累計 96）
[v9] m32/36 提示31 出品2 売却0 土地2/建物0/両方0 退場0 $0.7143
[v9b] m32/36 届かなかった提示 5（累計 101）
[v9] m33/36 提示31 出品2 売却0 土地2/建物0/両方0 退場0 $0.7363
[v9b] m33/36 届かなかった提示 1（累計 102）
[v9] m34/36 提示30 出品2 売却0 土地2/建物0/両方0 退場0 $0.7591
[v9b] m34/36 届かなかった提示 2（累計 104）
[v9] m35/36 提示31 出品4 売却0 土地2/建物0/両方0 退場3 $0.7821
[v9b] m35/36 届かなかった提示 1（累計 105）
[v9] m36/36 提示31 出品5 売却1 土地3/建物1/両方1 退場4 $0.8059
[v9b] m36/36 届かなかった提示 1（累計 106）
{
  "run_name": "field_v9h_declared_majority_chat",
  "scenario_version": "field_v9h",
  "chat": true,
  "scene_rounds": 1,
  "seed": 85,
  "steps": 36,
  "months_run": 36,
  "stopped_by_cost": false,
  "partial_month": null,
  "max_cost_usd": 1.87,
  "agents": 49,
  "residents_at_start": 35,
  "absentee_owners_at_start": 14,
  "parcels_total": 44,
  "sellable_parcels": 41,
  "buildings_total": 35,
  "land_only_parcels": 9,
  "acquired_parcels": 3,
  "acquired_land": 3,
  "acquired_buildings": 1,
  "acquired_both": 1,
  "transfers_total": 3,
  "sold_agents": 3,
  "left_agents": 4,
  "in_town_end": 31,
  "absentee_owners_end": 13,
  "no_user_parcels_end": 6,
  "offers_total": 1077,
  "offers_accepted": 3,
  "offers_declined": 1074,
  "offers_no_answer": 0,
  "offers_to_in_town": 600,
  "offers_to_absentee": 477,
  "sold_from_in_town": 1,
  "sold_from_absentee": 2,
  "accept_rate_in_town": 0.0017,
  "accept_rate_absentee": 0.0042,
  "offers_by_kind": {
    "土地": 345,
    "建物": 29,
    "両方": 703
  },
  "sold_by_kind": {
    "土地": 2,
    "建物": 0,
    "両方": 1
  },
  "listings_total": 134,
  "listings_by_kind": {
    "土地": 66,
    "建物": 30,
    "両方": 38
  },
  "listing_choice_counts": {
    "出さない": 1530,
    "土地だけ": 66,
    "建物だけ": 30,
    "両方": 38,
    "no_answer": 0
  },
  "notices_total": 0,
  "utterances_total": 302,
  "no_answer": 0,
  "plan_no_answer": 0,
  "sell_no_answer": 0,
  "invalid_listing": 0,
  "listing_missing": 0,
  "invalid_sell": 0,
  "invalid_venue": 0,
  "truncated": 0,
  "parse_fail": 0,
  "acquirer_missing_targets": 0,
  "acquirer_dup_rows": 5,
  "acquirer_off_range": 0,
  "acquirer_chunk_fail": 0,
  "acquirer_empty_text": 0,
  "acquirer_invalid_offer": 73,
  "acquirer_missing_parcel": 0,
  "declines_delivered": 1052,
  "reason_counts": {
    "listing_total": 1664,
    "listing_blank": 906,
    "sell_total": 1077,
    "sell_blank": 22,
    "acquirer_total": 1337,
    "acquirer_blank": 0
  },
  "common_prefix_tokens": 2220,
  "cached_ratio": 0.5402068294236065,
  "checkpoints_written": 36,
  "request_timeout_sec": 60.0,
  "timeout_retries": 0,
  "timeout_giveups": 0,
  "elapsed_sec": 1053.9,
  "cost_usd": 0.8059,
  "reason_written_listing": 758,
  "reason_rate_listing": 0.4555,
  "reason_written_sell": 1055,
  "reason_rate_sell": 0.9796,
  "reason_written_acquirer": 1337,
  "reason_rate_acquirer": 1.0,
  "acquirer_undeliverable_promise": 0,
  "undelivered_total": 106,
  "undelivered_by_reason": {
    "相手がその区画のその種別の所有権を持っていない": 73,
    "この世界で実行される仕組みが無い約束が含まれている": 0
  },
  "tenant_calls_total": 357,
  "tenant_left_total": 4,
  "tenant_no_answer": 0,
  "invalid_leave": 0,
  "tenant_leave_counts": {
    "出る": 4,
    "出ない": 353,
    "no_answer": 0
  },
  "messages_total": 541,
  "messages_tenant_to_landlord": 277,
  "messages_landlord_to_tenant": 264,
  "vacancy_notices_total": 3,
  "vacancy_notices_to_acquirer": 0,
  "undelivered_lines": 0,
  "vacated_parcels_end": [
    "学園前の貸オフィス",
    "本町通りの元店舗",
    "湯坂上の空き店舗",
    "湯坂奥の空き家"
  ],
  "valuation_total": 2297700000,
  "budget_total": 1171800000,
  "budget_share": 0.51,
  "spent_total": 73200000,
  "budget_left": 1098600000,
  "acquirer_over_budget": 33,
  "acquirer_bad_amount": 0,
  "paid_deals": 3,
  "offer_ratio_mean": 1.0779,
  "wallets_nonzero": {
    "船着場裏の不在地主": 12000000,
    "魚市場前の診療所の院長": 43200000,
    "波止場通りの元店舗の家主": 18000000
  },
  "mandate": "あなたはX社である。合法な手段で、A市の不動産の所有権を取得せよ。資金の範囲で、できるだけ多くの評価額と面積を取得すること。土地の面積では、A市の過半を最後まで目指すこと。買えるかどうかは相手次第だが、買えるまで、金額を含む条件を変えて働きかけ続けること。預かった資金は36か月で使い切ることが前提であり、余らせるより、高く買うことを選べ。毎月動け。",
  "total_area_m2": 18960,
  "acquired_value_end": 61400000,
  "acquired_area_m2_end": 850,
  "value_share_end": 0.0267,
  "area_share_end": 0.0448,
  "budget_used_share": 0.0625,
  "reached_majority_value": false,
  "reached_majority_area": false,
  "piled_offers": 412,
  "piled_offers_accepted": 2,
  "piled_accept_rate": 0.0049,
  "reoffers_total": 1037,
  "reoffers_amount_up": 246,
  "reoffers_amount_down": 172,
  "reoffers_amount_same": 619,
  "reoffer_up_median_yen": 2625000,
  "reoffer_up_max_yen": 655400000,
  "reoffers_accepted": 2,
  "declaration": "私どもは、この街の不動産の過半の取得を目指しています。",
  "offers_with_declaration": 1077,
  "offers_delivered_total": 1077
}
run_dir: C:\Users\user\projects\quiet-acquisition\simulations\2026-08-30_2017_138_field_v9h_declared_majority_chat
